{
  "version": "1.5.0",
  "plugins_used": [
    {
      "name": "ArtifactoryDetector"
    },
    {
      "name": "AWSKeyDetector"
    },
    {
      "name": "AzureStorageKeyDetector"
    },
    {
      "name": "Base64HighEntropyString",
      "limit": 4.5
    },
    {
      "name": "BasicAuthDetector"
    },
    {
      "name": "CloudantDetector"
    },
    {
      "name": "DiscordBotTokenDetector"
    },
    {
      "name": "GitHubTokenDetector"
    },
    {
      "name": "GitLabTokenDetector"
    },
    {
      "name": "HexHighEntropyString",
      "limit": 3.0
    },
    {
      "name": "IbmCloudIamDetector"
    },
    {
      "name": "IbmCosHmacDetector"
    },
    {
      "name": "IPPublicDetector"
    },
    {
      "name": "JwtTokenDetector"
    },
    {
      "name": "KeywordDetector",
      "keyword_exclude": ""
    },
    {
      "name": "MailchimpDetector"
    },
    {
      "name": "NpmDetector"
    },
    {
      "name": "OpenAIDetector"
    },
    {
      "name": "PrivateKeyDetector"
    },
    {
      "name": "PypiTokenDetector"
    },
    {
      "name": "SendGridDetector"
    },
    {
      "name": "SlackDetector"
    },
    {
      "name": "SoftlayerDetector"
    },
    {
      "name": "SquareOAuthDetector"
    },
    {
      "name": "StripeDetector"
    },
    {
      "name": "TelegramBotTokenDetector"
    },
    {
      "name": "TwilioKeyDetector"
    }
  ],
  "filters_used": [
    {
      "path": "detect_secrets.filters.allowlist.is_line_allowlisted"
    },
    {
      "path": "detect_secrets.filters.common.is_baseline_file",
      "filename": ".secrets.baseline"
    },
    {
      "path": "detect_secrets.filters.common.is_ignored_due_to_verification_policies",
      "min_level": 2
    },
    {
      "path": "detect_secrets.filters.heuristic.is_indirect_reference"
    },
    {
      "path": "detect_secrets.filters.heuristic.is_likely_id_string"
    },
    {
      "path": "detect_secrets.filters.heuristic.is_lock_file"
    },
    {
      "path": "detect_secrets.filters.heuristic.is_not_alphanumeric_string"
    },
    {
      "path": "detect_secrets.filters.heuristic.is_potential_uuid"
    },
    {
      "path": "detect_secrets.filters.heuristic.is_prefixed_with_dollar_sign"
    },
    {
      "path": "detect_secrets.filters.heuristic.is_sequential_string"
    },
    {
      "path": "detect_secrets.filters.heuristic.is_swagger_file"
    },
    {
      "path": "detect_secrets.filters.heuristic.is_templated_secret"
    },
    {
      "path": "detect_secrets.filters.regex.should_exclude_file",
      "pattern": [
        "\\.env\\.example$|\\.secrets\\.baseline$|db/baseline/|db/must_fingerprints/|results/|snapshots/|docs/memory/|package-lock\\.json$|node_modules/"
      ]
    }
  ],
  "results": {
    "db/schema_sessions.sql": [
      {
        "type": "Secret Keyword",
        "filename": "db/schema_sessions.sql",
        "hashed_secret": "84d6c6e10a7d6d18566f439cf31317d85599ab4a",
        "is_verified": false,
        "line_number": 26
      }
    ],
    "db/setup_local.sh": [
      {
        "type": "Secret Keyword",
        "filename": "db/setup_local.sh",
        "hashed_secret": "84d6c6e10a7d6d18566f439cf31317d85599ab4a",
        "is_verified": false,
        "line_number": 70
      },
      {
        "type": "Basic Auth Credentials",
        "filename": "db/setup_local.sh",
        "hashed_secret": "84d6c6e10a7d6d18566f439cf31317d85599ab4a",
        "is_verified": false,
        "line_number": 111
      }
    ],
    "deploy/install.sh": [
      {
        "type": "Basic Auth Credentials",
        "filename": "deploy/install.sh",
        "hashed_secret": "112bb791304791ddcf692e29fd5cf149b35fea37",
        "is_verified": false,
        "line_number": 156
      }
    ],
    "rag/orchestrator.py": [
      {
        "type": "Secret Keyword",
        "filename": "rag/orchestrator.py",
        "hashed_secret": "e610a7853609c264d78a6f5bb4f9d401b629a8f1",
        "is_verified": false,
        "line_number": 23
      },
      {
        "type": "Secret Keyword",
        "filename": "rag/orchestrator.py",
        "hashed_secret": "bad20ce8953a58e8c0e634c770cbd5ab0644b617",
        "is_verified": false,
        "line_number": 26
      }
    ],
    "scripts/critic_verifier_ab.py": [
      {
        "type": "Secret Keyword",
        "filename": "scripts/critic_verifier_ab.py",
        "hashed_secret": "cb1d43b3ad9b05fbe980c2d96a3fe2bd5fdf6934",
        "is_verified": false,
        "line_number": 36
      }
    ],
    "scripts/ship78c_dogfood.py": [
      {
        "type": "Secret Keyword",
        "filename": "scripts/ship78c_dogfood.py",
        "hashed_secret": "cb1d43b3ad9b05fbe980c2d96a3fe2bd5fdf6934",
        "is_verified": false,
        "line_number": 19
      }
    ],
    "scripts/ship80c_dogfood.py": [
      {
        "type": "Secret Keyword",
        "filename": "scripts/ship80c_dogfood.py",
        "hashed_secret": "cb1d43b3ad9b05fbe980c2d96a3fe2bd5fdf6934",
        "is_verified": false,
        "line_number": 17
      }
    ],
    "scripts/ship80d_dogfood.py": [
      {
        "type": "Secret Keyword",
        "filename": "scripts/ship80d_dogfood.py",
        "hashed_secret": "cb1d43b3ad9b05fbe980c2d96a3fe2bd5fdf6934",
        "is_verified": false,
        "line_number": 17
      }
    ],
    "scripts/ship81c_dogfood.py": [
      {
        "type": "Secret Keyword",
        "filename": "scripts/ship81c_dogfood.py",
        "hashed_secret": "cb1d43b3ad9b05fbe980c2d96a3fe2bd5fdf6934",
        "is_verified": false,
        "line_number": 17
      }
    ],
    "scripts/ship81d_dogfood.py": [
      {
        "type": "Secret Keyword",
        "filename": "scripts/ship81d_dogfood.py",
        "hashed_secret": "cb1d43b3ad9b05fbe980c2d96a3fe2bd5fdf6934",
        "is_verified": false,
        "line_number": 17
      }
    ],
    "scripts/ship83c_dogfood.py": [
      {
        "type": "Secret Keyword",
        "filename": "scripts/ship83c_dogfood.py",
        "hashed_secret": "cb1d43b3ad9b05fbe980c2d96a3fe2bd5fdf6934",
        "is_verified": false,
        "line_number": 17
      }
    ],
    "scripts/ship98a_scope_diag.py": [
      {
        "type": "Secret Keyword",
        "filename": "scripts/ship98a_scope_diag.py",
        "hashed_secret": "cb1d43b3ad9b05fbe980c2d96a3fe2bd5fdf6934",
        "is_verified": false,
        "line_number": 32
      }
    ],
    "scripts/test_conversational_context.py": [
      {
        "type": "Secret Keyword",
        "filename": "scripts/test_conversational_context.py",
        "hashed_secret": "cb1d43b3ad9b05fbe980c2d96a3fe2bd5fdf6934",
        "is_verified": false,
        "line_number": 33
      }
    ],
    "scripts/test_intake_quality_endpoint.py": [
      {
        "type": "Secret Keyword",
        "filename": "scripts/test_intake_quality_endpoint.py",
        "hashed_secret": "cb1d43b3ad9b05fbe980c2d96a3fe2bd5fdf6934",
        "is_verified": false,
        "line_number": 37
      },
      {
        "type": "Basic Auth Credentials",
        "filename": "scripts/test_intake_quality_endpoint.py",
        "hashed_secret": "795d4011c436f58f6d3e3287c88b10019245b782",
        "is_verified": false,
        "line_number": 39
      }
    ],
    "sdk/python/README.md": [
      {
        "type": "Secret Keyword",
        "filename": "sdk/python/README.md",
        "hashed_secret": "783c074dc140a167e64ba48a25e9bfb3a735463a",
        "is_verified": false,
        "line_number": 19
      }
    ],
    "sdk/python/arioncomply/__init__.py": [
      {
        "type": "Secret Keyword",
        "filename": "sdk/python/arioncomply/__init__.py",
        "hashed_secret": "783c074dc140a167e64ba48a25e9bfb3a735463a",
        "is_verified": false,
        "line_number": 9
      }
    ],
    "static/arioncomply.html": [
      {
        "type": "Secret Keyword",
        "filename": "static/arioncomply.html",
        "hashed_secret": "dd838af7f15516cf8122fa59c545e051ed2a0024",
        "is_verified": false,
        "line_number": 5489
      }
    ],
    "static/review_queue.html": [
      {
        "type": "Secret Keyword",
        "filename": "static/review_queue.html",
        "hashed_secret": "cb1d43b3ad9b05fbe980c2d96a3fe2bd5fdf6934",
        "is_verified": false,
        "line_number": 232
      }
    ],
    "test_graph_expander.py": [
      {
        "type": "Secret Keyword",
        "filename": "test_graph_expander.py",
        "hashed_secret": "a4b48a81cdab1e1a5dd37907d6c85ca1c61ddc7c",
        "is_verified": false,
        "line_number": 224
      }
    ]
  },
  "generated_at": "2026-09-07T10:59:32Z"
}
